STM32L4x_i2c_driver.c:25:6:I2C_PclkCtrl	16	static
STM32L4x_i2c_driver.c:60:6:I2C_PeripheralControl	16	static
STM32L4x_i2c_driver.c:81:6:I2C_Init	24	static
STM32L4x_i2c_driver.c:120:13:I2C_Start	24	static
STM32L4x_i2c_driver.c:147:6:I2C_IRQITConfig	16	static
STM32L4x_i2c_driver.c:191:6:I2C_IRQPriorityConfig	24	static
STM32L4x_i2c_driver.c:211:6:I2C_ITCntrl	16	static
STM32L4x_i2c_driver.c:328:9:I2C_GetFlagStatus	16	static
STM32L4x_i2c_driver.c:345:6:I2CReadStatusFlag	16	static
STM32L4x_i2c_driver.c:379:9:getI2CFlag	4	static
STM32L4x_i2c_driver.c:391:6:addressMatchEvent	16	static
STM32L4x_i2c_driver.c:418:6:recieverBufferFullEvent	16	static
STM32L4x_i2c_driver.c:453:6:stopFlagEvent	16	static
STM32L4x_i2c_driver.c:477:6:nackEvent	16	static
STM32L4x_i2c_driver.c:524:6:transmitReadyEvent	24	static
STM32L4x_i2c_driver.c:574:9:I2C_MasterSendDataIT	24	static
STM32L4x_i2c_driver.c:599:9:I2C_MasterRecieveDataIT	24	static
STM32L4x_i2c_driver.c:623:9:I2C_SlaveRecieveDataIT	24	static
STM32L4x_i2c_driver.c:646:9:I2C_SlaveSendDataIT	24	static
STM32L4x_i2c_driver.c:668:17:checkI2CBus	16	static
