STM32L4x_i2c_driver.c:23:6:I2C_PclkCtrl	16	static
STM32L4x_i2c_driver.c:58:6:I2C_PeripheralControl	16	static
STM32L4x_i2c_driver.c:79:6:I2C_Init	24	static
STM32L4x_i2c_driver.c:118:13:I2C_Start	24	static
STM32L4x_i2c_driver.c:145:6:I2C_IRQITConfig	16	static
STM32L4x_i2c_driver.c:189:6:I2C_IRQPriorityConfig	24	static
STM32L4x_i2c_driver.c:209:6:I2C_ITCntrl	16	static
STM32L4x_i2c_driver.c:326:9:I2C_GetFlagStatus	16	static
STM32L4x_i2c_driver.c:343:6:I2CReadStatusFlag	16	static
STM32L4x_i2c_driver.c:377:9:getI2CFlag	4	static
STM32L4x_i2c_driver.c:389:6:addressMatchEvent	16	static
STM32L4x_i2c_driver.c:416:6:recieverBufferFullEvent	16	static
STM32L4x_i2c_driver.c:451:6:stopFlagEvent	16	static
STM32L4x_i2c_driver.c:475:6:nackEvent	16	static
STM32L4x_i2c_driver.c:522:6:transmitReadyEvent	24	static
STM32L4x_i2c_driver.c:572:9:I2C_MasterSendDataIT	24	static
STM32L4x_i2c_driver.c:597:9:I2C_MasterRecieveDataIT	24	static
STM32L4x_i2c_driver.c:621:9:I2C_SlaveRecieveDataIT	24	static
STM32L4x_i2c_driver.c:644:9:I2C_SlaveSendDataIT	24	static
STM32L4x_i2c_driver.c:666:17:checkI2CBus	16	static
