STM34L4x_spi_driver.c:15:6:SPI_PclkCtrl	16	static
STM34L4x_spi_driver.c:36:6:SPI_Init	24	static
STM34L4x_spi_driver.c:102:9:SPI_GetFlagStatus	16	static
STM34L4x_spi_driver.c:112:6:SPI_DeIit	16	static
STM34L4x_spi_driver.c:118:7:SPI_SendData	24	static
STM34L4x_spi_driver.c:146:16:SPI_GetDataLen	16	static
STM34L4x_spi_driver.c:151:7:SPI_ReceiveData	24	static
STM34L4x_spi_driver.c:176:6:SPI_PeripheralControl	16	static
STM34L4x_spi_driver.c:190:6:SPI_SSIConfig	16	static
STM34L4x_spi_driver.c:202:6:SPI_SSOEConfig	16	static
STM34L4x_spi_driver.c:215:6:SPI_IRQITConfig	16	static
STM34L4x_spi_driver.c:252:6:SPI_IRQHandling	24	static
STM34L4x_spi_driver.c:280:9:SPI_SendDataIT	32	static
STM34L4x_spi_driver.c:296:9:SPI_RecieveDataIT	32	static
STM34L4x_spi_driver.c:311:13:spi_txe_interrupt_handle	16	static
STM34L4x_spi_driver.c:337:13:spi_rxne_interrupt_handle	16	static
STM34L4x_spi_driver.c:363:13:spi_ovr_interrupt_handle	16	static
STM34L4x_spi_driver.c:376:6:SPI_ClearOVRFlag	24	static
STM34L4x_spi_driver.c:384:6:SPI_CloseTransmission	16	static
STM34L4x_spi_driver.c:393:6:SPI_CloseReception	16	static
STM34L4x_spi_driver.c:404:6:SPI_IRQPriorityConfig	24	static
STM34L4x_spi_driver.c:414:28:SPI_ApplicationEvenCallback	16	static
